Standard Commons Logging discovery in action with spring-jcl: please remove commons-logging.jar from classpath in order to avoid potential conflicts

  .   ____          _            __ _ _
 /\\ / ___'_ __ _ _(_)_ __  __ _ \ \ \ \
( ( )\___ | '_ | '_| | '_ \/ _` | \ \ \ \
 \\/  ___)| |_)| | | | | || (_| |  ) ) ) )
  '  |____| .__|_| |_|_| |_\__, | / / / /
 =========|_|==============|___/=/_/_/_/
 :: Spring Boot ::                (v3.2.5)

2026-09-30T16:36:04.403+08:00  INFO 27296 --- [           main] com.emailsystem.EmailSystemApplication   : Starting EmailSystemApplication using Java 18.0.2 with PID 27296 (D:\jay\外贸邮件系统\邮件系统2\email-system-java\target\classes started by mandy in D:\jay\外贸邮件系统\邮件系统2\email-system-java)
2026-09-30T16:36:04.403+08:00  INFO 27296 --- [           main] com.emailsystem.EmailSystemApplication   : No active profile set, falling back to 1 default profile: "default"
2026-09-30T16:36:05.582+08:00  INFO 27296 --- [           main] o.s.b.w.embedded.tomcat.TomcatWebServer  : Tomcat initialized with port 8007 (http)
2026-09-30T16:36:05.599+08:00  INFO 27296 --- [           main] o.apache.catalina.core.StandardService   : Starting service [Tomcat]
2026-09-30T16:36:05.599+08:00  INFO 27296 --- [           main] o.apache.catalina.core.StandardEngine    : Starting Servlet engine: [Apache Tomcat/10.1.20]
2026-09-30T16:36:05.648+08:00  INFO 27296 --- [           main] o.a.c.c.C.[Tomcat].[localhost].[/]       : Initializing Spring embedded WebApplicationContext
2026-09-30T16:36:05.663+08:00  INFO 27296 --- [           main] w.s.c.ServletWebServerApplicationContext : Root WebApplicationContext: initialization completed in 1208 ms
Standard Commons Logging discovery in action with spring-jcl: please remove commons-logging.jar from classpath in order to avoid potential conflicts
2026-09-30T16:36:05.765+08:00  INFO 27296 --- [           main] com.zaxxer.hikari.HikariDataSource       : HikariPool-1 - Starting...
2026-09-30T16:36:05.915+08:00  INFO 27296 --- [           main] com.zaxxer.hikari.pool.HikariPool        : HikariPool-1 - Added connection com.mysql.cj.jdbc.ConnectionImpl@fe09383
2026-09-30T16:36:05.915+08:00  INFO 27296 --- [           main] com.zaxxer.hikari.HikariDataSource       : HikariPool-1 - Start completed.
 _ _   |_  _ _|_. ___ _ |    _ 
| | |\/|_)(_| | |_\  |_)||_|_\ 
     /               |         
                        3.5.7 
2026-09-30T16:36:06.701+08:00  INFO 27296 --- [           main] o.s.b.a.w.s.WelcomePageHandlerMapping    : Adding welcome page: class path resource [static/index.html]
2026-09-30T16:36:06.994+08:00  INFO 27296 --- [           main] o.s.b.w.embedded.tomcat.TomcatWebServer  : Tomcat started on port 8007 (http) with context path ''
2026-09-30T16:36:06.999+08:00  INFO 27296 --- [           main] com.emailsystem.EmailSystemApplication   : Started EmailSystemApplication in 3.0 seconds (process running for 3.35)
Email System running at http://localhost:8000
2026-09-30T16:36:39.698+08:00  INFO 27296 --- [nio-8007-exec-1] o.a.c.c.C.[Tomcat].[localhost].[/]       : Initializing Spring DispatcherServlet 'dispatcherServlet'
2026-09-30T16:36:39.698+08:00  INFO 27296 --- [nio-8007-exec-1] o.s.web.servlet.DispatcherServlet        : Initializing Servlet 'dispatcherServlet'
2026-09-30T16:36:39.698+08:00  INFO 27296 --- [nio-8007-exec-1] o.s.web.servlet.DispatcherServlet        : Completed initialization in 0 ms
2026-09-30T18:36:19.286+08:00  WARN 27296 --- [l-1 housekeeper] com.zaxxer.hikari.pool.HikariPool        : HikariPool-1 - Thread starvation or clock leap detected (housekeeper delta=31m11s742ms118µs600ns).
