[INFO] Scanning for projects...
[INFO] 
[INFO] --------------------< com.emailsystem:email-system >--------------------
[INFO] Building email-system 1.0.0
[INFO]   from pom.xml
[INFO] --------------------------------[ jar ]---------------------------------
[INFO] 
[INFO] >>> spring-boot:3.2.5:run (default-cli) > test-compile @ email-system >>>
[INFO] 
[INFO] --- resources:3.3.1:resources (default-resources) @ email-system ---
[INFO] Copying 1 resource from src\main\resources to target\classes
[INFO] Copying 14 resources from src\main\resources to target\classes
[INFO] 
[INFO] --- compiler:3.11.0:compile (default-compile) @ email-system ---
[INFO] Nothing to compile - all classes are up to date
[INFO] 
[INFO] --- resources:3.3.1:testResources (default-testResources) @ email-system ---
[INFO] skip non existing resourceDirectory D:\jay\外贸邮件系统\邮件系统2\email-system-java\src\test\resources
[INFO] 
[INFO] --- compiler:3.11.0:testCompile (default-testCompile) @ email-system ---
[INFO] Nothing to compile - all classes are up to date
[INFO] 
[INFO] <<< spring-boot:3.2.5:run (default-cli) < test-compile @ email-system <<<
[INFO] 
[INFO] 
[INFO] --- spring-boot:3.2.5:run (default-cli) @ email-system ---
[INFO] Attaching agents: []
Standard Commons Logging discovery in action with spring-jcl: please remove commons-logging.jar from classpath in order to avoid potential conflicts

  .   ____          _            __ _ _
 /\\ / ___'_ __ _ _(_)_ __  __ _ \ \ \ \
( ( )\___ | '_ | '_| | '_ \/ _` | \ \ \ \
 \\/  ___)| |_)| | | | | || (_| |  ) ) ) )
  '  |____| .__|_| |_|_| |_\__, | / / / /
 =========|_|==============|___/=/_/_/_/
 :: Spring Boot ::                (v3.2.5)

2026-10-01T19:49:55.208+08:00  INFO 32064 --- [           main] com.emailsystem.EmailSystemApplication   : Starting EmailSystemApplication using Java 18.0.2 with PID 32064 (D:\jay\外贸邮件系统\邮件系统2\email-system-java\target\classes started by mandy in D:\jay\外贸邮件系统\邮件系统2\email-system-java)
2026-10-01T19:49:55.212+08:00  INFO 32064 --- [           main] com.emailsystem.EmailSystemApplication   : No active profile set, falling back to 1 default profile: "default"
2026-10-01T19:49:56.490+08:00  INFO 32064 --- [           main] o.s.b.w.embedded.tomcat.TomcatWebServer  : Tomcat initialized with port 8010 (http)
2026-10-01T19:49:56.506+08:00  INFO 32064 --- [           main] o.apache.catalina.core.StandardService   : Starting service [Tomcat]
2026-10-01T19:49:56.506+08:00  INFO 32064 --- [           main] o.apache.catalina.core.StandardEngine    : Starting Servlet engine: [Apache Tomcat/10.1.20]
2026-10-01T19:49:56.577+08:00  INFO 32064 --- [           main] o.a.c.c.C.[Tomcat].[localhost].[/]       : Initializing Spring embedded WebApplicationContext
2026-10-01T19:49:56.578+08:00  INFO 32064 --- [           main] w.s.c.ServletWebServerApplicationContext : Root WebApplicationContext: initialization completed in 1320 ms
Standard Commons Logging discovery in action with spring-jcl: please remove commons-logging.jar from classpath in order to avoid potential conflicts
2026-10-01T19:49:56.693+08:00  INFO 32064 --- [           main] com.zaxxer.hikari.HikariDataSource       : HikariPool-1 - Starting...
2026-10-01T19:49:56.849+08:00  INFO 32064 --- [           main] com.zaxxer.hikari.pool.HikariPool        : HikariPool-1 - Added connection com.mysql.cj.jdbc.ConnectionImpl@1d98daa0
2026-10-01T19:49:56.851+08:00  INFO 32064 --- [           main] com.zaxxer.hikari.HikariDataSource       : HikariPool-1 - Start completed.
 _ _   |_  _ _|_. ___ _ |    _ 
| | |\/|_)(_| | |_\  |_)||_|_\ 
     /               |         
                        3.5.7 
2026-10-01T19:49:57.649+08:00  INFO 32064 --- [           main] o.s.b.a.w.s.WelcomePageHandlerMapping    : Adding welcome page: class path resource [static/index.html]
2026-10-01T19:49:57.906+08:00  INFO 32064 --- [           main] o.s.b.w.embedded.tomcat.TomcatWebServer  : Tomcat started on port 8010 (http) with context path ''
2026-10-01T19:49:57.918+08:00  INFO 32064 --- [           main] com.emailsystem.EmailSystemApplication   : Started EmailSystemApplication in 3.169 seconds (process running for 3.55)
Email System running at http://localhost:8000
2026-10-01T19:50:18.597+08:00  INFO 32064 --- [nio-8010-exec-1] o.a.c.c.C.[Tomcat].[localhost].[/]       : Initializing Spring DispatcherServlet 'dispatcherServlet'
2026-10-01T19:50:18.597+08:00  INFO 32064 --- [nio-8010-exec-1] o.s.web.servlet.DispatcherServlet        : Initializing Servlet 'dispatcherServlet'
2026-10-01T19:50:18.598+08:00  INFO 32064 --- [nio-8010-exec-1] o.s.web.servlet.DispatcherServlet        : Completed initialization in 1 ms
2026-10-01T19:52:06.325+08:00  INFO 32064 --- [nio-8010-exec-2] c.emailsystem.task.CampaignTaskManager   : Campaign 62 registered, running tasks: 1
2026-10-01T19:52:06.332+08:00  INFO 32064 --- [     campaign-1] com.emailsystem.task.CampaignExecutor    : Starting campaign execution: 62 (run 43)
2026-10-01T19:52:06.423+08:00 ERROR 32064 --- [     campaign-1] com.emailsystem.service.EmailService     : [SMTP Error] SMTP 发送失败：Connection refused: no further information | host=127.0.0.1 port=1 ssl=false tls=false
2026-10-01T19:52:06.449+08:00  INFO 32064 --- [     campaign-1] com.emailsystem.task.CampaignExecutor    : Campaign 62 finished with status completed, sent=0, failed=1, pending=0
2026-10-01T19:52:06.449+08:00  INFO 32064 --- [     campaign-1] c.emailsystem.task.CampaignTaskManager   : Campaign 62 removed, running tasks: 0
2026-10-01T19:52:09.593+08:00  INFO 32064 --- [nio-8010-exec-3] c.emailsystem.task.CampaignTaskManager   : Campaign 63 registered, running tasks: 1
2026-10-01T19:52:09.601+08:00  INFO 32064 --- [     campaign-2] com.emailsystem.task.CampaignExecutor    : Starting campaign execution: 63 (run 44)
2026-10-01T19:52:09.653+08:00 ERROR 32064 --- [     campaign-2] com.emailsystem.service.EmailService     : [SMTP Error] SMTP 发送失败：Connection refused: no further information | host=127.0.0.1 port=1 ssl=false tls=false
2026-10-01T19:53:09.682+08:00 ERROR 32064 --- [     campaign-2] com.emailsystem.service.EmailService     : [SMTP Error] SMTP 发送失败：Connection refused: no further information | host=127.0.0.1 port=1 ssl=false tls=false
2026-10-01T19:54:09.735+08:00 ERROR 32064 --- [     campaign-2] com.emailsystem.service.EmailService     : [SMTP Error] SMTP 发送失败：Connection refused: no further information | host=127.0.0.1 port=1 ssl=false tls=false
2026-10-01T19:54:09.760+08:00  INFO 32064 --- [     campaign-2] com.emailsystem.task.CampaignExecutor    : Campaign 63 finished with status completed, sent=0, failed=3, pending=0
2026-10-01T19:54:09.760+08:00  INFO 32064 --- [     campaign-2] c.emailsystem.task.CampaignTaskManager   : Campaign 63 removed, running tasks: 0
2026-10-01T19:58:35.898+08:00  INFO 32064 --- [io-8010-exec-10] c.emailsystem.task.CampaignTaskManager   : Campaign 65 registered, running tasks: 1
2026-10-01T19:58:35.902+08:00  INFO 32064 --- [     campaign-3] com.emailsystem.task.CampaignExecutor    : Starting campaign execution: 65 (run 45)
2026-10-01T19:58:35.927+08:00 ERROR 32064 --- [     campaign-3] com.emailsystem.service.EmailService     : [SMTP Error] SMTP 发送失败：Connection refused: no further information | host=127.0.0.1 port=1 ssl=false tls=false
2026-10-01T19:58:35.945+08:00  INFO 32064 --- [     campaign-3] com.emailsystem.task.CampaignExecutor    : Campaign 65 finished with status completed, sent=0, failed=1, pending=0
2026-10-01T19:58:35.945+08:00  INFO 32064 --- [     campaign-3] c.emailsystem.task.CampaignTaskManager   : Campaign 65 removed, running tasks: 0
2026-10-01T19:58:39.036+08:00  INFO 32064 --- [nio-8010-exec-1] c.emailsystem.task.CampaignTaskManager   : Campaign 66 registered, running tasks: 1
2026-10-01T19:58:39.041+08:00  INFO 32064 --- [     campaign-4] com.emailsystem.task.CampaignExecutor    : Starting campaign execution: 66 (run 46)
2026-10-01T19:58:39.063+08:00 ERROR 32064 --- [     campaign-4] com.emailsystem.service.EmailService     : [SMTP Error] SMTP 发送失败：Connection refused: no further information | host=127.0.0.1 port=1 ssl=false tls=false
2026-10-01T19:59:39.089+08:00 ERROR 32064 --- [     campaign-4] com.emailsystem.service.EmailService     : [SMTP Error] SMTP 发送失败：Connection refused: no further information | host=127.0.0.1 port=1 ssl=false tls=false
2026-10-01T20:00:39.143+08:00 ERROR 32064 --- [     campaign-4] com.emailsystem.service.EmailService     : [SMTP Error] SMTP 发送失败：Connection refused: no further information | host=127.0.0.1 port=1 ssl=false tls=false
2026-10-01T20:00:39.168+08:00  INFO 32064 --- [     campaign-4] com.emailsystem.task.CampaignExecutor    : Campaign 66 finished with status completed, sent=0, failed=3, pending=0
2026-10-01T20:00:39.168+08:00  INFO 32064 --- [     campaign-4] c.emailsystem.task.CampaignTaskManager   : Campaign 66 removed, running tasks: 0
