Standard Commons Logging discovery in action with spring-jcl: please remove commons-logging.jar from classpath in order to avoid potential conflicts

  .   ____          _            __ _ _
 /\\ / ___'_ __ _ _(_)_ __  __ _ \ \ \ \
( ( )\___ | '_ | '_| | '_ \/ _` | \ \ \ \
 \\/  ___)| |_)| | | | | || (_| |  ) ) ) )
  '  |____| .__|_| |_|_| |_\__, | / / / /
 =========|_|==============|___/=/_/_/_/
 :: Spring Boot ::                (v3.2.5)

2026-09-29T07:26:14.089+08:00  INFO 24220 --- [           main] com.emailsystem.EmailSystemApplication   : Starting EmailSystemApplication using Java 18.0.2 with PID 24220 (D:\jay\外贸邮件系统\邮件系统2\email-system-java\target\classes started by mandy in D:\jay\外贸邮件系统\邮件系统2\email-system-java)
2026-09-29T07:26:14.099+08:00  INFO 24220 --- [           main] com.emailsystem.EmailSystemApplication   : No active profile set, falling back to 1 default profile: "default"
2026-09-29T07:26:15.173+08:00  INFO 24220 --- [           main] o.s.b.w.embedded.tomcat.TomcatWebServer  : Tomcat initialized with port 8002 (http)
2026-09-29T07:26:15.189+08:00  INFO 24220 --- [           main] o.apache.catalina.core.StandardService   : Starting service [Tomcat]
2026-09-29T07:26:15.189+08:00  INFO 24220 --- [           main] o.apache.catalina.core.StandardEngine    : Starting Servlet engine: [Apache Tomcat/10.1.20]
2026-09-29T07:26:15.237+08:00  INFO 24220 --- [           main] o.a.c.c.C.[Tomcat].[localhost].[/]       : Initializing Spring embedded WebApplicationContext
2026-09-29T07:26:15.237+08:00  INFO 24220 --- [           main] w.s.c.ServletWebServerApplicationContext : Root WebApplicationContext: initialization completed in 1097 ms
Standard Commons Logging discovery in action with spring-jcl: please remove commons-logging.jar from classpath in order to avoid potential conflicts
2026-09-29T07:26:15.349+08:00  INFO 24220 --- [           main] com.zaxxer.hikari.HikariDataSource       : HikariPool-1 - Starting...
2026-09-29T07:26:15.476+08:00  INFO 24220 --- [           main] com.zaxxer.hikari.pool.HikariPool        : HikariPool-1 - Added connection com.mysql.cj.jdbc.ConnectionImpl@28e0e464
2026-09-29T07:26:15.476+08:00  INFO 24220 --- [           main] com.zaxxer.hikari.HikariDataSource       : HikariPool-1 - Start completed.
 _ _   |_  _ _|_. ___ _ |    _ 
| | |\/|_)(_| | |_\  |_)||_|_\ 
     /               |         
                        3.5.7 
2026-09-29T07:26:16.207+08:00  INFO 24220 --- [           main] o.s.b.a.w.s.WelcomePageHandlerMapping    : Adding welcome page: class path resource [static/index.html]
2026-09-29T07:26:16.430+08:00  INFO 24220 --- [           main] o.s.b.w.embedded.tomcat.TomcatWebServer  : Tomcat started on port 8002 (http) with context path ''
2026-09-29T07:26:16.430+08:00  INFO 24220 --- [           main] com.emailsystem.EmailSystemApplication   : Started EmailSystemApplication in 2.68 seconds (process running for 3.034)
2026-09-29T07:26:16.525+08:00  INFO 24220 --- [           main] c.e.config.SchemaMigrationRunner         : 迁移: 1557 个客户已按主键回填/纠正客户号
2026-09-29T07:26:16.525+08:00  INFO 24220 --- [           main] c.e.config.SchemaMigrationRunner         : 迁移: 刷新 customers.customer_no 的列注释（客户号规则由 C+11 位改为 C+5 位）
Email System running at http://localhost:8000
2026-09-29T07:27:12.981+08:00  INFO 24220 --- [nio-8002-exec-1] o.a.c.c.C.[Tomcat].[localhost].[/]       : Initializing Spring DispatcherServlet 'dispatcherServlet'
2026-09-29T07:27:12.981+08:00  INFO 24220 --- [nio-8002-exec-1] o.s.web.servlet.DispatcherServlet        : Initializing Servlet 'dispatcherServlet'
2026-09-29T07:27:12.981+08:00  INFO 24220 --- [nio-8002-exec-1] o.s.web.servlet.DispatcherServlet        : Completed initialization in 0 ms
