Standard Commons Logging discovery in action with spring-jcl: please remove commons-logging.jar from classpath in order to avoid potential conflicts

  .   ____          _            __ _ _
 /\\ / ___'_ __ _ _(_)_ __  __ _ \ \ \ \
( ( )\___ | '_ | '_| | '_ \/ _` | \ \ \ \
 \\/  ___)| |_)| | | | | || (_| |  ) ) ) )
  '  |____| .__|_| |_|_| |_\__, | / / / /
 =========|_|==============|___/=/_/_/_/
 :: Spring Boot ::                (v3.2.5)

2026-09-30T09:55:18.657+08:00  INFO 14660 --- [           main] com.emailsystem.EmailSystemApplication   : Starting EmailSystemApplication v1.0.0 using Java 18.0.2 with PID 14660 (D:\jay\外贸邮件系统\邮件系统2\email-system-java\target\email-system-1.0.0.jar started by mandy in D:\jay\外贸邮件系统\邮件系统2\email-system-java)
2026-09-30T09:55:18.661+08:00  INFO 14660 --- [           main] com.emailsystem.EmailSystemApplication   : No active profile set, falling back to 1 default profile: "default"
2026-09-30T09:55:20.640+08:00  INFO 14660 --- [           main] o.s.b.w.embedded.tomcat.TomcatWebServer  : Tomcat initialized with port 8000 (http)
2026-09-30T09:55:20.660+08:00  INFO 14660 --- [           main] o.apache.catalina.core.StandardService   : Starting service [Tomcat]
2026-09-30T09:55:20.661+08:00  INFO 14660 --- [           main] o.apache.catalina.core.StandardEngine    : Starting Servlet engine: [Apache Tomcat/10.1.20]
2026-09-30T09:55:20.732+08:00  INFO 14660 --- [           main] o.a.c.c.C.[Tomcat].[localhost].[/]       : Initializing Spring embedded WebApplicationContext
2026-09-30T09:55:20.734+08:00  INFO 14660 --- [           main] w.s.c.ServletWebServerApplicationContext : Root WebApplicationContext: initialization completed in 1976 ms
Standard Commons Logging discovery in action with spring-jcl: please remove commons-logging.jar from classpath in order to avoid potential conflicts
2026-09-30T09:55:20.976+08:00  INFO 14660 --- [           main] com.zaxxer.hikari.HikariDataSource       : HikariPool-1 - Starting...
2026-09-30T09:55:21.290+08:00  INFO 14660 --- [           main] com.zaxxer.hikari.pool.HikariPool        : HikariPool-1 - Added connection com.mysql.cj.jdbc.ConnectionImpl@16a5c7e4
2026-09-30T09:55:21.303+08:00  INFO 14660 --- [           main] com.zaxxer.hikari.HikariDataSource       : HikariPool-1 - Start completed.
 _ _   |_  _ _|_. ___ _ |    _ 
| | |\/|_)(_| | |_\  |_)||_|_\ 
     /               |         
                        3.5.7 
2026-09-30T09:55:22.814+08:00  INFO 14660 --- [           main] o.s.b.a.w.s.WelcomePageHandlerMapping    : Adding welcome page: class path resource [static/index.html]
2026-09-30T09:55:23.322+08:00  INFO 14660 --- [           main] o.s.b.w.embedded.tomcat.TomcatWebServer  : Tomcat started on port 8000 (http) with context path ''
2026-09-30T09:55:23.339+08:00  INFO 14660 --- [           main] com.emailsystem.EmailSystemApplication   : Started EmailSystemApplication in 5.213 seconds (process running for 5.861)
Email System running at http://localhost:8000
2026-09-30T09:58:27.256+08:00  INFO 14660 --- [nio-8000-exec-1] o.a.c.c.C.[Tomcat].[localhost].[/]       : Initializing Spring DispatcherServlet 'dispatcherServlet'
2026-09-30T09:58:27.266+08:00  INFO 14660 --- [nio-8000-exec-1] o.s.web.servlet.DispatcherServlet        : Initializing Servlet 'dispatcherServlet'
2026-09-30T09:58:27.268+08:00  INFO 14660 --- [nio-8000-exec-1] o.s.web.servlet.DispatcherServlet        : Completed initialization in 1 ms
