Standard Commons Logging discovery in action with spring-jcl: please remove commons-logging.jar from classpath in order to avoid potential conflicts

  .   ____          _            __ _ _
 /\\ / ___'_ __ _ _(_)_ __  __ _ \ \ \ \
( ( )\___ | '_ | '_| | '_ \/ _` | \ \ \ \
 \\/  ___)| |_)| | | | | || (_| |  ) ) ) )
  '  |____| .__|_| |_|_| |_\__, | / / / /
 =========|_|==============|___/=/_/_/_/
 :: Spring Boot ::                (v3.2.5)

2026-10-02T21:17:23.415+08:00  INFO 22440 --- [           main] com.emailsystem.EmailSystemApplication   : Starting EmailSystemApplication v1.0.0 using Java 18.0.2 with PID 22440 (D:\jay\外贸邮件系统\邮件系统2\email-system-java\target\email-system-v249.jar started by mandy in D:\jay\外贸邮件系统\邮件系统2\email-system-java)
2026-10-02T21:17:23.417+08:00  INFO 22440 --- [           main] com.emailsystem.EmailSystemApplication   : No active profile set, falling back to 1 default profile: "default"
2026-10-02T21:17:25.880+08:00  INFO 22440 --- [           main] o.s.b.w.embedded.tomcat.TomcatWebServer  : Tomcat initialized with port 8010 (http)
2026-10-02T21:17:25.903+08:00  INFO 22440 --- [           main] o.apache.catalina.core.StandardService   : Starting service [Tomcat]
2026-10-02T21:17:25.904+08:00  INFO 22440 --- [           main] o.apache.catalina.core.StandardEngine    : Starting Servlet engine: [Apache Tomcat/10.1.20]
2026-10-02T21:17:25.986+08:00  INFO 22440 --- [           main] o.a.c.c.C.[Tomcat].[localhost].[/]       : Initializing Spring embedded WebApplicationContext
2026-10-02T21:17:25.996+08:00  INFO 22440 --- [           main] w.s.c.ServletWebServerApplicationContext : Root WebApplicationContext: initialization completed in 2463 ms
Standard Commons Logging discovery in action with spring-jcl: please remove commons-logging.jar from classpath in order to avoid potential conflicts
2026-10-02T21:17:26.230+08:00  INFO 22440 --- [           main] com.zaxxer.hikari.HikariDataSource       : HikariPool-1 - Starting...
2026-10-02T21:17:26.579+08:00  INFO 22440 --- [           main] com.zaxxer.hikari.pool.HikariPool        : HikariPool-1 - Added connection com.mysql.cj.jdbc.ConnectionImpl@6ac4c3f7
2026-10-02T21:17:26.588+08:00  INFO 22440 --- [           main] com.zaxxer.hikari.HikariDataSource       : HikariPool-1 - Start completed.
 _ _   |_  _ _|_. ___ _ |    _ 
| | |\/|_)(_| | |_\  |_)||_|_\ 
     /               |         
                        3.5.7 
2026-10-02T21:17:28.335+08:00  INFO 22440 --- [           main] o.s.b.a.w.s.WelcomePageHandlerMapping    : Adding welcome page: class path resource [static/index.html]
2026-10-02T21:17:29.020+08:00  INFO 22440 --- [           main] o.s.b.w.embedded.tomcat.TomcatWebServer  : Tomcat started on port 8010 (http) with context path ''
2026-10-02T21:17:29.041+08:00  INFO 22440 --- [           main] com.emailsystem.EmailSystemApplication   : Started EmailSystemApplication in 6.221 seconds (process running for 6.945)
Email System running at http://localhost:8000
2026-10-02T21:18:06.009+08:00  INFO 22440 --- [nio-8010-exec-1] o.a.c.c.C.[Tomcat].[localhost].[/]       : Initializing Spring DispatcherServlet 'dispatcherServlet'
2026-10-02T21:18:06.009+08:00  INFO 22440 --- [nio-8010-exec-1] o.s.web.servlet.DispatcherServlet        : Initializing Servlet 'dispatcherServlet'
2026-10-02T21:18:06.009+08:00  INFO 22440 --- [nio-8010-exec-1] o.s.web.servlet.DispatcherServlet        : Completed initialization in 0 ms
