Standard Commons Logging discovery in action with spring-jcl: please remove commons-logging.jar from classpath in order to avoid potential conflicts

  .   ____          _            __ _ _
 /\\ / ___'_ __ _ _(_)_ __  __ _ \ \ \ \
( ( )\___ | '_ | '_| | '_ \/ _` | \ \ \ \
 \\/  ___)| |_)| | | | | || (_| |  ) ) ) )
  '  |____| .__|_| |_|_| |_\__, | / / / /
 =========|_|==============|___/=/_/_/_/
 :: Spring Boot ::                (v3.2.5)

2026-10-04T12:47:26.290+08:00  INFO 11420 --- [           main] com.emailsystem.EmailSystemApplication   : Starting EmailSystemApplication v1.0.0 using Java 18.0.2 with PID 11420 (D:\jay\外贸邮件系统\邮件系统2\email-system-java\target\email-system-v252.jar started by mandy in D:\jay\外贸邮件系统\邮件系统2\email-system-java)
2026-10-04T12:47:26.301+08:00  INFO 11420 --- [           main] com.emailsystem.EmailSystemApplication   : No active profile set, falling back to 1 default profile: "default"
2026-10-04T12:47:28.281+08:00  INFO 11420 --- [           main] o.s.b.w.embedded.tomcat.TomcatWebServer  : Tomcat initialized with port 8015 (http)
2026-10-04T12:47:28.297+08:00  INFO 11420 --- [           main] o.apache.catalina.core.StandardService   : Starting service [Tomcat]
2026-10-04T12:47:28.297+08:00  INFO 11420 --- [           main] o.apache.catalina.core.StandardEngine    : Starting Servlet engine: [Apache Tomcat/10.1.20]
2026-10-04T12:47:28.362+08:00  INFO 11420 --- [           main] o.a.c.c.C.[Tomcat].[localhost].[/]       : Initializing Spring embedded WebApplicationContext
2026-10-04T12:47:28.362+08:00  INFO 11420 --- [           main] w.s.c.ServletWebServerApplicationContext : Root WebApplicationContext: initialization completed in 1957 ms
Standard Commons Logging discovery in action with spring-jcl: please remove commons-logging.jar from classpath in order to avoid potential conflicts
2026-10-04T12:47:28.583+08:00  INFO 11420 --- [           main] com.zaxxer.hikari.HikariDataSource       : HikariPool-1 - Starting...
2026-10-04T12:47:28.868+08:00  INFO 11420 --- [           main] com.zaxxer.hikari.pool.HikariPool        : HikariPool-1 - Added connection com.mysql.cj.jdbc.ConnectionImpl@56b8aaf1
2026-10-04T12:47:28.868+08:00  INFO 11420 --- [           main] com.zaxxer.hikari.HikariDataSource       : HikariPool-1 - Start completed.
 _ _   |_  _ _|_. ___ _ |    _ 
| | |\/|_)(_| | |_\  |_)||_|_\ 
     /               |         
                        3.5.7 
2026-10-04T12:47:30.358+08:00  INFO 11420 --- [           main] o.s.b.a.w.s.WelcomePageHandlerMapping    : Adding welcome page: class path resource [static/index.html]
2026-10-04T12:47:30.895+08:00  INFO 11420 --- [           main] o.s.b.w.embedded.tomcat.TomcatWebServer  : Tomcat started on port 8015 (http) with context path ''
2026-10-04T12:47:30.913+08:00  INFO 11420 --- [           main] com.emailsystem.EmailSystemApplication   : Started EmailSystemApplication in 5.133 seconds (process running for 5.842)
Email System running at http://localhost:8000
2026-10-04T12:47:49.576+08:00  INFO 11420 --- [nio-8015-exec-1] o.a.c.c.C.[Tomcat].[localhost].[/]       : Initializing Spring DispatcherServlet 'dispatcherServlet'
2026-10-04T12:47:49.576+08:00  INFO 11420 --- [nio-8015-exec-1] o.s.web.servlet.DispatcherServlet        : Initializing Servlet 'dispatcherServlet'
2026-10-04T12:47:49.576+08:00  INFO 11420 --- [nio-8015-exec-1] o.s.web.servlet.DispatcherServlet        : Completed initialization in 0 ms
